
Discarded input sections

 .comment       0x0000000000000000       0x34 Output/main.o
 .comment       0x0000000000000000       0x34 Output/startup.o
 .comment       0x0000000000000000       0x34 Output/GPIO.o
 .comment       0x0000000000000000       0x34 Output/RCC.o
 .comment       0x0000000000000000       0x34 Output/EXTI.o
 .comment       0x0000000000000000       0x34 Output/UART.o
 .comment       0x0000000000000000       0x34 Output/SYSTICK.o
 .comment       0x0000000000000000       0x34 Output/ADC.o
 .comment       0x0000000000000000       0x34 Output/TIM.o

Memory Configuration

Name             Origin             Length             Attributes
FLASH            0x0000000008000000 0x0000000000010000 xr
RAM              0x0000000020000000 0x0000000000005000 xrw
*default*        0x0000000000000000 0xffffffffffffffff

Linker script and memory map

LOAD Output/main.o
LOAD Output/startup.o
LOAD Output/GPIO.o
LOAD Output/RCC.o
LOAD Output/EXTI.o
LOAD Output/UART.o
LOAD Output/SYSTICK.o
LOAD Output/ADC.o
LOAD Output/TIM.o
                0x0000000020005000                _estack = (ORIGIN (RAM) + LENGTH (RAM))

.isr_vector     0x0000000008000000      0x130
                0x0000000008000000                . = ALIGN (0x4)
 *(.isr_vector)
 .isr_vector    0x0000000008000000      0x130 Output/startup.o
                0x0000000008000000                g_pfnVectors
                0x0000000008000130                . = ALIGN (0x4)

.text           0x0000000008000130      0xfc4
                0x0000000008000130                . = ALIGN (0x4)
 *(.text)
 .text          0x0000000008000130      0x318 Output/main.o
                0x0000000008000384                main
 .text          0x0000000008000448       0x64 Output/startup.o
                0x0000000008000448                Reset_Handler
                0x00000000080004a4                EXTI2_IRQHandler
                0x00000000080004a4                TIM8_TRG_COM_IRQHandler
                0x00000000080004a4                TIM8_CC_IRQHandler
                0x00000000080004a4                DebugMon_Handler
                0x00000000080004a4                TIM1_CC_IRQHandler
                0x00000000080004a4                HardFault_Handler
                0x00000000080004a4                TIM6_IRQHandler
                0x00000000080004a4                PVD_IRQHandler
                0x00000000080004a4                SDIO_IRQHandler
                0x00000000080004a4                PendSV_Handler
                0x00000000080004a4                NMI_Handler
                0x00000000080004a4                EXTI3_IRQHandler
                0x00000000080004a4                I2C2_EV_IRQHandler
                0x00000000080004a4                UsageFault_Handler
                0x00000000080004a4                ADC1_2_IRQHandler
                0x00000000080004a4                SPI1_IRQHandler
                0x00000000080004a4                TAMPER_IRQHandler
                0x00000000080004a4                TIM8_UP_IRQHandler
                0x00000000080004a4                DMA2_Channel2_IRQHandler
                0x00000000080004a4                DMA1_Channel4_IRQHandler
                0x00000000080004a4                USART3_IRQHandler
                0x00000000080004a4                RTC_IRQHandler
                0x00000000080004a4                DMA1_Channel7_IRQHandler
                0x00000000080004a4                CAN1_RX1_IRQHandler
                0x00000000080004a4                UART5_IRQHandler
                0x00000000080004a4                ADC3_IRQHandler
                0x00000000080004a4                TIM4_IRQHandler
                0x00000000080004a4                DMA2_Channel1_IRQHandler
                0x00000000080004a4                I2C1_EV_IRQHandler
                0x00000000080004a4                DMA1_Channel6_IRQHandler
                0x00000000080004a4                UART4_IRQHandler
                0x00000000080004a4                TIM3_IRQHandler
                0x00000000080004a4                RCC_IRQHandler
                0x00000000080004a4                TIM1_TRG_COM_IRQHandler
                0x00000000080004a4                DMA1_Channel1_IRQHandler
                0x00000000080004a4                Default_Handler
                0x00000000080004a4                EXTI15_10_IRQHandler
                0x00000000080004a4                TIM7_IRQHandler
                0x00000000080004a4                TIM5_IRQHandler
                0x00000000080004a4                EXTI9_5_IRQHandler
                0x00000000080004a4                SPI2_IRQHandler
                0x00000000080004a4                MemManage_Handler
                0x00000000080004a4                SVC_Handler
                0x00000000080004a4                DMA1_Channel5_IRQHandler
                0x00000000080004a4                EXTI4_IRQHandler
                0x00000000080004a4                USB_LP_CAN1_RX0_IRQHandler
                0x00000000080004a4                USB_HP_CAN1_TX_IRQHandler
                0x00000000080004a4                DMA1_Channel3_IRQHandler
                0x00000000080004a4                FSMC_IRQHandler
                0x00000000080004a4                TIM1_UP_IRQHandler
                0x00000000080004a4                WWDG_IRQHandler
                0x00000000080004a4                TIM2_IRQHandler
                0x00000000080004a4                TIM1_BRK_IRQHandler
                0x00000000080004a4                EXTI1_IRQHandler
                0x00000000080004a4                RTCAlarm_IRQHandler
                0x00000000080004a4                DMA2_Channel4_5_IRQHandler
                0x00000000080004a4                USART2_IRQHandler
                0x00000000080004a4                I2C2_ER_IRQHandler
                0x00000000080004a4                DMA1_Channel2_IRQHandler
                0x00000000080004a4                TIM8_BRK_IRQHandler
                0x00000000080004a4                CAN1_SCE_IRQHandler
                0x00000000080004a4                FLASH_IRQHandler
                0x00000000080004a4                BusFault_Handler
                0x00000000080004a4                SPI3_IRQHandler
                0x00000000080004a4                I2C1_ER_IRQHandler
                0x00000000080004a4                USBWakeUp_IRQHandler
                0x00000000080004a4                DMA2_Channel3_IRQHandler
 .text          0x00000000080004ac      0x1bc Output/GPIO.o
                0x00000000080004ac                GPIO_Config
                0x00000000080005ee                GPIO_Write_Pin
                0x000000000800061c                GPIO_Read_Pin
                0x0000000008000644                GPIO_Toggle_Pin
 .text          0x0000000008000668      0x1e8 Output/RCC.o
                0x0000000008000668                RCC_Config_72Mhz
                0x000000000800071c                RCC_Enable_PortA
                0x0000000008000738                RCC_Enable_PortB
                0x0000000008000754                RCC_Enable_PortC
                0x0000000008000770                RCC_Enable_AFIO
                0x000000000800078c                RCC_Enable_TIM2
                0x00000000080007a8                RCC_Enable_ADC01
                0x00000000080007c4                RCC_Enable_UART1
                0x00000000080007e0                RCC_Enable_SPI1
                0x00000000080007fc                RCC_Enable_I2C1
                0x0000000008000818                RCC_Enable_USB
                0x0000000008000834                RCC_Enable_UART2
 .text          0x0000000008000850      0x2d4 Output/EXTI.o
                0x0000000008000850                EXTI0_IRQHandler
                0x000000000800087c                get_Pin_Number
                0x00000000080008b8                EXTI_Init
                0x0000000008000aec                NVIC_UART_En
                0x0000000008000b08                NVIC_USB_En
 .text          0x0000000008000b24      0x19c Output/UART.o
                0x0000000008000b24                UART1_Init
                0x0000000008000bbc                UART1_SendChar
                0x0000000008000bec                UART1_SendString
                0x0000000008000c16                UART1_ReadChar
                0x0000000008000c40                USART1_IRQHandler
 .text          0x0000000008000cc0       0x90 Output/SYSTICK.o
                0x0000000008000cc0                SysTick_Init
                0x0000000008000cf0                SysTick_Handler
                0x0000000008000d0c                SysTick_GetTick
                0x0000000008000d20                SysTick_DelayMs
 .text          0x0000000008000d50      0x12c Output/ADC.o
                0x0000000008000d50                ADC01_CH3_Init
                0x0000000008000e4c                ADC01_CH3_Read
 .text          0x0000000008000e7c      0x1d0 Output/TIM.o
                0x0000000008000e7c                TIM2_PWM_Init
                0x0000000008000f8a                TIM2_PWM_SetDuty
                0x0000000008001014                TIM2_Start
                0x0000000008001030                TIM2_Stop
 *(.text.*)
 *(.rodata)
 .rodata        0x000000000800104c       0xa6 Output/main.o
 *(.rodata.*)
                0x00000000080010f4                . = ALIGN (0x4)
 *fill*         0x00000000080010f2        0x2 
                0x00000000080010f4                _etext = .

.glue_7         0x00000000080010f4        0x0
 .glue_7        0x00000000080010f4        0x0 linker stubs

.glue_7t        0x00000000080010f4        0x0
 .glue_7t       0x00000000080010f4        0x0 linker stubs

.vfp11_veneer   0x00000000080010f4        0x0
 .vfp11_veneer  0x00000000080010f4        0x0 linker stubs

.v4_bx          0x00000000080010f4        0x0
 .v4_bx         0x00000000080010f4        0x0 linker stubs

.iplt           0x00000000080010f4        0x0
 .iplt          0x00000000080010f4        0x0 Output/main.o

.rel.dyn        0x00000000080010f4        0x0
 .rel.iplt      0x00000000080010f4        0x0 Output/main.o

.data           0x0000000020000000        0x4 load address 0x00000000080010f4
                0x0000000020000000                . = ALIGN (0x4)
                0x0000000020000000                _sdata = .
 *(.data)
 .data          0x0000000020000000        0x1 Output/main.o
 .data          0x0000000020000001        0x0 Output/startup.o
 .data          0x0000000020000001        0x0 Output/GPIO.o
 .data          0x0000000020000001        0x0 Output/RCC.o
 .data          0x0000000020000001        0x0 Output/EXTI.o
 .data          0x0000000020000001        0x0 Output/UART.o
 .data          0x0000000020000001        0x0 Output/SYSTICK.o
 .data          0x0000000020000001        0x0 Output/ADC.o
 .data          0x0000000020000001        0x0 Output/TIM.o
 *(.data.*)
                0x0000000020000004                . = ALIGN (0x4)
 *fill*         0x0000000020000001        0x3 
                0x0000000020000004                _edata = .
                0x00000000080010f4                _sidata = LOADADDR (.data)

.igot.plt       0x0000000020000004        0x0 load address 0x00000000080010f8
 .igot.plt      0x0000000020000004        0x0 Output/main.o

.bss            0x0000000020000004       0x4c load address 0x00000000080010f8
                0x0000000020000004                . = ALIGN (0x4)
                0x0000000020000004                _sbss = .
 *(.bss)
 .bss           0x0000000020000004        0x1 Output/main.o
 .bss           0x0000000020000005        0x0 Output/startup.o
 .bss           0x0000000020000005        0x0 Output/GPIO.o
 .bss           0x0000000020000005        0x0 Output/RCC.o
 .bss           0x0000000020000005        0x0 Output/EXTI.o
 *fill*         0x0000000020000005        0x3 
 .bss           0x0000000020000008       0x42 Output/UART.o
                0x0000000020000008                uart_cmd_buffer
                0x0000000020000048                uart_cmd_ready
 *fill*         0x000000002000004a        0x2 
 .bss           0x000000002000004c        0x4 Output/SYSTICK.o
 .bss           0x0000000020000050        0x0 Output/ADC.o
 .bss           0x0000000020000050        0x0 Output/TIM.o
 *(.bss.*)
 *(COMMON)
                0x0000000020000050                . = ALIGN (0x4)
                0x0000000020000050                _ebss = .

/DISCARD/
 *(.comment)
 *(.note*)
OUTPUT(Output/main.elf elf32-littlearm)
LOAD linker stubs

.ARM.attributes
                0x0000000000000000       0x2d
 .ARM.attributes
                0x0000000000000000       0x2d Output/main.o
 .ARM.attributes
                0x000000000000002d       0x2d Output/startup.o
 .ARM.attributes
                0x000000000000005a       0x2d Output/GPIO.o
 .ARM.attributes
                0x0000000000000087       0x2d Output/RCC.o
 .ARM.attributes
                0x00000000000000b4       0x2d Output/EXTI.o
 .ARM.attributes
                0x00000000000000e1       0x2d Output/UART.o
 .ARM.attributes
                0x000000000000010e       0x2d Output/SYSTICK.o
 .ARM.attributes
                0x000000000000013b       0x2d Output/ADC.o
 .ARM.attributes
                0x0000000000000168       0x2d Output/TIM.o
